2026-05-28 14:10:43:1043 [31merror[39m: [31mError connecting to MongoDB: querySrv ECONNREFUSED _mongodb._tcp.cluster0.qfo3j6s.mongodb.net[39m
2026-05-31 12:07:30:730 [31merror[39m: [31mError connecting to MongoDB: querySrv ECONNREFUSED _mongodb._tcp.cluster0.qfo3j6s.mongodb.net[39m
2026-05-31 12:14:44:1444 [31merror[39m: [31mError connecting to MongoDB: querySrv ECONNREFUSED _mongodb._tcp.cluster0.qfo3j6s.mongodb.net[39m
2026-05-31 12:15:04:154 [31merror[39m: [31mError connecting to MongoDB: querySrv ECONNREFUSED _mongodb._tcp.cluster0.qfo3j6s.mongodb.net[39m
2026-05-31 12:15:15:1515 [31merror[39m: [31mError connecting to MongoDB: querySrv ECONNREFUSED _mongodb._tcp.cluster0.qfo3j6s.mongodb.net[39m
2026-05-31 12:15:17:1517 [31merror[39m: [31mError connecting to MongoDB: querySrv ECONNREFUSED _mongodb._tcp.cluster0.qfo3j6s.mongodb.net[39m
2026-05-31 12:39:47:3947 [31merror[39m: [31mError connecting to MongoDB: querySrv ECONNREFUSED _mongodb._tcp.cluster0.qfo3j6s.mongodb.net[39m
2026-05-31 13:00:43:043 [31merror[39m: [31mError connecting to MongoDB: querySrv ECONNREFUSED _mongodb._tcp.cluster0.qfo3j6s.mongodb.net[39m
2026-05-31 13:01:20:120 [31merror[39m: [31mError connecting to MongoDB: querySrv ECONNREFUSED _mongodb._tcp.cluster0.qfo3j6s.mongodb.net[39m
2026-05-31 13:03:29:329 [32minfo[39m: [32mMongoDB Connected: ac-0gbpdre-shard-00-00.qfo3j6s.mongodb.net[39m
2026-05-31 13:03:29:329 [32minfo[39m: [32mServer running in development mode on port 5000[39m
2026-05-31 13:03:29:329 [32minfo[39m: [32mAPI Docs available at http://localhost:5000/api-docs[39m
2026-05-31 13:03:36:336 [32minfo[39m: [32m[0mGET /api-docs [36m301[0m 4.845 ms - 158[0m[39m
2026-05-31 13:03:36:336 [32minfo[39m: [32m[0mGET /api-docs/ [32m200[0m 3.630 ms - 3106[0m[39m
2026-05-31 13:03:36:336 [32minfo[39m: [32m[0mGET /api-docs/swagger-ui-init.js [32m200[0m 0.309 ms - 6410[0m[39m
2026-05-31 13:03:36:336 [32minfo[39m: [32m[0mGET /api-docs/swagger-ui.css [32m200[0m 41.077 ms - 178977[0m[39m
2026-05-31 13:03:36:336 [32minfo[39m: [32m[0mGET /api-docs/swagger-ui-standalone-preset.js [32m200[0m 158.456 ms - 251800[0m[39m
2026-05-31 13:03:36:336 [32minfo[39m: [32m[0mGET /api-docs/swagger-ui-bundle.js [32m200[0m 248.992 ms - 1526593[0m[39m
2026-05-31 13:03:36:336 [32minfo[39m: [32m[0mGET /api-docs/swagger-ui-standalone-preset.js [32m200[0m 1.936 ms - 251800[0m[39m
2026-05-31 13:03:36:336 [32minfo[39m: [32m[0mGET /api-docs/swagger-ui-init.js [32m200[0m 0.432 ms - 6410[0m[39m
2026-05-31 13:03:36:336 [32minfo[39m: [32m[0mGET /api-docs/swagger-ui-bundle.js [32m200[0m 1.798 ms - 1526593[0m[39m
2026-05-31 13:03:36:336 [32minfo[39m: [32m[0mGET /api-docs/favicon-32x32.png [32m200[0m 11.333 ms - 628[0m[39m
2026-05-31 13:07:42:742 [32minfo[39m: [32m[0mGET /api/v1/auth/me [33m401[0m 1.634 ms - 65[0m[39m
2026-05-31 13:07:43:743 [32minfo[39m: [32m[0mGET /api/v1/auth/me [33m401[0m 0.427 ms - 65[0m[39m
2026-05-31 13:07:45:745 [32minfo[39m: [32m[0mGET /api/v1/auth/me [33m401[0m 0.303 ms - 65[0m[39m
2026-05-31 13:07:46:746 [32minfo[39m: [32m[0mGET /api/v1/auth/me [33m401[0m 1.019 ms - 65[0m[39m
2026-05-31 13:07:48:748 [32minfo[39m: [32m[0mGET /api/v1/auth/me [33m401[0m 0.439 ms - 65[0m[39m
2026-05-31 13:07:49:749 [32minfo[39m: [32m[0mGET /api/v1/auth/me [33m401[0m 0.776 ms - 65[0m[39m
2026-05-31 13:07:51:751 [32minfo[39m: [32m[0mGET /api/v1/auth/me [33m401[0m 0.241 ms - 65[0m[39m
2026-05-31 13:07:52:752 [32minfo[39m: [32m[0mGET /api/v1/auth/me [33m401[0m 0.822 ms - 65[0m[39m
2026-05-31 13:11:43:1143 [32minfo[39m: [32m[0mGET /api/v1/auth/me [33m401[0m 0.529 ms - 65[0m[39m
2026-05-31 13:11:44:1144 [32minfo[39m: [32m[0mGET /api/v1/auth/me [33m401[0m 0.218 ms - 65[0m[39m
2026-05-31 13:12:07:127 [32minfo[39m: [32m[0mGET /api/v1/auth/me [33m401[0m 0.822 ms - 65[0m[39m
2026-05-31 13:12:08:128 [32minfo[39m: [32m[0mGET /api/v1/auth/me [33m401[0m 0.240 ms - 65[0m[39m
2026-05-31 13:16:10:1610 [32minfo[39m: [32m[0mGET /api/v1/auth/me [33m401[0m 0.314 ms - 65[0m[39m
2026-05-31 13:16:11:1611 [32minfo[39m: [32m[0mGET /api/v1/auth/me [33m401[0m 0.573 ms - 65[0m[39m
2026-05-31 13:18:22:1822 [32minfo[39m: [32m[0mGET /api/v1/auth/me [33m401[0m 0.370 ms - 65[0m[39m
2026-05-31 13:18:23:1823 [32minfo[39m: [32m[0mGET /api/v1/auth/me [33m401[0m 0.195 ms - 65[0m[39m
2026-05-31 13:20:10:2010 [32minfo[39m: [32m[0mGET /api/v1/auth/me [33m401[0m 0.374 ms - 65[0m[39m
2026-05-31 13:20:16:2016 [32minfo[39m: [32m[0mGET /api/v1/auth/me [33m401[0m 0.504 ms - 65[0m[39m
2026-05-31 13:23:15:2315 [32minfo[39m: [32m[0mGET /api/v1/auth/me [33m401[0m 0.426 ms - 65[0m[39m
2026-05-31 13:23:16:2316 [32minfo[39m: [32m[0mGET /api/v1/auth/me [33m401[0m 0.190 ms - 65[0m[39m
2026-05-31 13:23:34:2334 [32minfo[39m: [32m[0mGET /api/v1/auth/me [33m401[0m 0.320 ms - 65[0m[39m
2026-05-31 13:23:35:2335 [32minfo[39m: [32m[0mGET /api/v1/auth/me [33m401[0m 0.389 ms - 65[0m[39m
2026-05-31 13:24:34:2434 [32minfo[39m: [32m[0mGET /api/v1/auth/me [33m401[0m 0.336 ms - 65[0m[39m
2026-05-31 13:25:40:2540 [32minfo[39m: [32mMongoDB Connected: ac-0gbpdre-shard-00-00.qfo3j6s.mongodb.net[39m
2026-05-31 13:25:40:2540 [32minfo[39m: [32mServer running in development mode on port 5000[39m
2026-05-31 13:25:40:2540 [32minfo[39m: [32mAPI Docs available at http://localhost:5000/api-docs[39m
2026-05-31 13:26:17:2617 [32minfo[39m: [32mMongoDB Connected: ac-0gbpdre-shard-00-00.qfo3j6s.mongodb.net[39m
2026-05-31 13:26:17:2617 [32minfo[39m: [32mServer running in development mode on port 5000[39m
2026-05-31 13:26:17:2617 [32minfo[39m: [32mAPI Docs available at http://localhost:5000/api-docs[39m
2026-05-31 13:26:20:2620 [31merror[39m: [31mLogin Error: Invalid credentials[39m
2026-05-31 13:26:20:2620 [32minfo[39m: [32m[0mPOST /api/v1/auth/login [33m401[0m 3194.097 ms - 49[0m[39m
2026-05-31 13:28:43:2843 [32minfo[39m: [32m[0mPOST /api/v1/auth/login [32m200[0m 458.531 ms - 385[0m[39m
2026-05-31 13:28:43:2843 [32minfo[39m: [32m[0mGET /api/v1/auth/me [33m401[0m 0.808 ms - 65[0m[39m
2026-05-31 13:28:43:2843 [32minfo[39m: [32m[0mPOST /api/v1/auth/refresh-token [32m200[0m 378.015 ms - 233[0m[39m
2026-05-31 13:28:43:2843 [32minfo[39m: [32m[0mGET /api/v1/auth/me [33m401[0m 0.287 ms - 65[0m[39m
2026-05-31 13:28:44:2844 [32minfo[39m: [32m[0mGET /api/v1/auth/me [33m401[0m 0.239 ms - 65[0m[39m
2026-05-31 13:28:45:2845 [32minfo[39m: [32m[0mPOST /api/v1/auth/refresh-token [32m200[0m 364.969 ms - 233[0m[39m
2026-05-31 13:28:45:2845 [32minfo[39m: [32m[0mGET /api/v1/auth/me [33m401[0m 0.232 ms - 65[0m[39m
2026-05-31 13:31:18:3118 [32minfo[39m: [32mMongoDB Connected: ac-0gbpdre-shard-00-00.qfo3j6s.mongodb.net[39m
2026-05-31 13:31:18:3118 [32minfo[39m: [32mServer running in development mode on port 5000[39m
2026-05-31 13:31:18:3118 [32minfo[39m: [32mAPI Docs available at http://localhost:5000/api-docs[39m
2026-05-31 13:31:45:3145 [32minfo[39m: [32m[0mPOST /api/v1/auth/login [32m200[0m 381.609 ms - 385[0m[39m
2026-05-31 13:31:45:3145 [32minfo[39m: [32m[0mGET /api/v1/auth/me [32m200[0m 319.350 ms - 278[0m[39m
2026-05-31 13:33:42:3342 [32minfo[39m: [32m[0mGET /api/v1/admin/labs [32m200[0m 311.359 ms - 36[0m[39m
2026-05-31 13:33:47:3347 [32minfo[39m: [32m[0mGET /api/v1/admin/labs [36m304[0m 309.856 ms - -[0m[39m
2026-05-31 13:34:11:3411 [32minfo[39m: [32m[0mGET /api/v1/auth/me [32m200[0m 371.116 ms - 278[0m[39m
2026-05-31 13:34:12:3412 [32minfo[39m: [32m[0mGET /api/v1/admin/labs [36m304[0m 298.652 ms - -[0m[39m
2026-05-31 13:34:12:3412 [32minfo[39m: [32m[0mGET /api/v1/auth/me [36m304[0m 314.619 ms - -[0m[39m
2026-05-31 13:34:14:3414 [32minfo[39m: [32m[0mGET /api/v1/auth/me [36m304[0m 337.622 ms - -[0m[39m
2026-05-31 13:34:14:3414 [32minfo[39m: [32m[0mGET /api/v1/admin/labs [36m304[0m 354.562 ms - -[0m[39m
2026-05-31 13:35:12:3512 [32minfo[39m: [32m[0mPOST /api/v1/auth/logout [32m200[0m 0.402 ms - 52[0m[39m
2026-05-31 13:35:16:3516 [32minfo[39m: [32m[0mGET /api/v1/auth/me [33m401[0m 0.293 ms - 65[0m[39m
2026-05-31 13:35:16:3516 [32minfo[39m: [32m[0mPOST /api/v1/auth/refresh-token [33m401[0m 0.456 ms - 53[0m[39m
2026-05-31 13:35:17:3517 [32minfo[39m: [32m[0mGET /api/v1/auth/me [33m401[0m 0.392 ms - 65[0m[39m
2026-05-31 13:35:17:3517 [32minfo[39m: [32m[0mPOST /api/v1/auth/refresh-token [33m401[0m 0.263 ms - 53[0m[39m
2026-05-31 13:35:18:3518 [32minfo[39m: [32m[0mGET /api/v1/auth/me [33m401[0m 0.617 ms - 65[0m[39m
2026-05-31 13:35:18:3518 [32minfo[39m: [32m[0mPOST /api/v1/auth/refresh-token [33m401[0m 0.268 ms - 53[0m[39m
2026-05-31 13:35:19:3519 [32minfo[39m: [32m[0mGET /api/v1/auth/me [33m401[0m 0.326 ms - 65[0m[39m
2026-05-31 13:35:19:3519 [32minfo[39m: [32m[0mPOST /api/v1/auth/refresh-token [33m401[0m 0.348 ms - 53[0m[39m
2026-05-31 13:35:19:3519 [32minfo[39m: [32m[0mGET /api/v1/auth/me [33m401[0m 0.243 ms - 65[0m[39m
2026-05-31 13:35:19:3519 [32minfo[39m: [32m[0mPOST /api/v1/auth/refresh-token [33m401[0m 0.263 ms - 53[0m[39m
2026-05-31 13:35:20:3520 [32minfo[39m: [32m[0mGET /api/v1/auth/me [33m401[0m 0.370 ms - 65[0m[39m
2026-05-31 13:35:20:3520 [32minfo[39m: [32m[0mPOST /api/v1/auth/refresh-token [33m401[0m 0.216 ms - 53[0m[39m
2026-05-31 13:35:21:3521 [32minfo[39m: [32m[0mGET /api/v1/auth/me [33m401[0m 0.311 ms - 65[0m[39m
2026-05-31 13:35:21:3521 [32minfo[39m: [32m[0mPOST /api/v1/auth/refresh-token [33m401[0m 0.733 ms - 53[0m[39m
2026-05-31 13:35:21:3521 [32minfo[39m: [32m[0mGET /api/v1/auth/me [33m401[0m 0.330 ms - 65[0m[39m
2026-05-31 13:35:22:3522 [32minfo[39m: [32m[0mPOST /api/v1/auth/refresh-token [33m401[0m 0.308 ms - 53[0m[39m
2026-05-31 13:35:22:3522 [32minfo[39m: [32m[0mGET /api/v1/auth/me [33m401[0m 0.459 ms - 65[0m[39m
2026-05-31 13:35:22:3522 [32minfo[39m: [32m[0mPOST /api/v1/auth/refresh-token [33m401[0m 0.192 ms - 53[0m[39m
2026-05-31 13:35:23:3523 [32minfo[39m: [32m[0mGET /api/v1/auth/me [33m401[0m 0.241 ms - 65[0m[39m
2026-05-31 13:35:23:3523 [32minfo[39m: [32m[0mPOST /api/v1/auth/refresh-token [33m401[0m 0.318 ms - 53[0m[39m
2026-05-31 13:35:24:3524 [32minfo[39m: [32m[0mGET /api/v1/auth/me [33m401[0m 0.362 ms - 65[0m[39m
2026-05-31 13:35:24:3524 [32minfo[39m: [32m[0mPOST /api/v1/auth/refresh-token [33m401[0m 0.340 ms - 53[0m[39m
2026-05-31 13:35:24:3524 [32minfo[39m: [32m[0mGET /api/v1/auth/me [33m401[0m 0.248 ms - 65[0m[39m
2026-05-31 13:35:24:3524 [32minfo[39m: [32m[0mPOST /api/v1/auth/refresh-token [33m401[0m 0.597 ms - 53[0m[39m
2026-05-31 13:35:25:3525 [32minfo[39m: [32m[0mGET /api/v1/auth/me [33m401[0m 0.260 ms - 65[0m[39m
2026-05-31 13:35:25:3525 [32minfo[39m: [32m[0mPOST /api/v1/auth/refresh-token [33m401[0m 0.237 ms - 53[0m[39m
2026-05-31 13:35:26:3526 [32minfo[39m: [32m[0mGET /api/v1/auth/me [33m401[0m 0.267 ms - 65[0m[39m
2026-05-31 13:35:26:3526 [32minfo[39m: [32m[0mPOST /api/v1/auth/refresh-token [33m401[0m 0.238 ms - 53[0m[39m
2026-05-31 13:35:27:3527 [32minfo[39m: [32m[0mGET /api/v1/auth/me [33m401[0m 0.309 ms - 65[0m[39m
2026-05-31 13:35:27:3527 [32minfo[39m: [32m[0mPOST /api/v1/auth/refresh-token [33m401[0m 0.374 ms - 53[0m[39m
2026-05-31 13:35:27:3527 [32minfo[39m: [32m[0mGET /api/v1/auth/me [33m401[0m 0.461 ms - 65[0m[39m
2026-05-31 13:35:27:3527 [32minfo[39m: [32m[0mPOST /api/v1/auth/refresh-token [33m401[0m 0.412 ms - 53[0m[39m
2026-05-31 13:35:28:3528 [32minfo[39m: [32m[0mGET /api/v1/auth/me [33m401[0m 0.438 ms - 65[0m[39m
2026-05-31 13:35:28:3528 [32minfo[39m: [32m[0mPOST /api/v1/auth/refresh-token [33m401[0m 0.204 ms - 53[0m[39m
2026-05-31 13:35:29:3529 [32minfo[39m: [32m[0mGET /api/v1/auth/me [33m401[0m 0.276 ms - 65[0m[39m
2026-05-31 13:35:29:3529 [32minfo[39m: [32m[0mPOST /api/v1/auth/refresh-token [33m401[0m 0.254 ms - 53[0m[39m
2026-05-31 13:35:29:3529 [32minfo[39m: [32m[0mGET /api/v1/auth/me [33m401[0m 0.282 ms - 65[0m[39m
2026-05-31 13:35:29:3529 [32minfo[39m: [32m[0mPOST /api/v1/auth/refresh-token [33m401[0m 0.296 ms - 53[0m[39m
2026-05-31 13:35:30:3530 [32minfo[39m: [32m[0mGET /api/v1/auth/me [33m401[0m 0.333 ms - 65[0m[39m
2026-05-31 13:35:30:3530 [32minfo[39m: [32m[0mPOST /api/v1/auth/refresh-token [33m401[0m 0.455 ms - 53[0m[39m
2026-05-31 13:35:31:3531 [32minfo[39m: [32m[0mGET /api/v1/auth/me [33m401[0m 0.294 ms - 65[0m[39m
2026-05-31 13:35:31:3531 [32minfo[39m: [32m[0mPOST /api/v1/auth/refresh-token [33m401[0m 0.281 ms - 53[0m[39m
2026-05-31 13:35:32:3532 [32minfo[39m: [32m[0mGET /api/v1/auth/me [33m401[0m 2.045 ms - 65[0m[39m
2026-05-31 13:35:32:3532 [32minfo[39m: [32m[0mPOST /api/v1/auth/refresh-token [33m401[0m 0.395 ms - 53[0m[39m
2026-05-31 13:35:32:3532 [32minfo[39m: [32m[0mGET /api/v1/auth/me [33m401[0m 0.264 ms - 65[0m[39m
2026-05-31 13:35:32:3532 [32minfo[39m: [32m[0mPOST /api/v1/auth/refresh-token [33m401[0m 0.345 ms - 53[0m[39m
2026-05-31 13:35:33:3533 [32minfo[39m: [32m[0mGET /api/v1/auth/me [33m401[0m 0.315 ms - 65[0m[39m
2026-05-31 13:35:33:3533 [32minfo[39m: [32m[0mPOST /api/v1/auth/refresh-token [33m401[0m 0.582 ms - 53[0m[39m
2026-05-31 13:35:34:3534 [32minfo[39m: [32m[0mGET /api/v1/auth/me [33m401[0m 0.299 ms - 65[0m[39m
2026-05-31 13:35:34:3534 [32minfo[39m: [32m[0mPOST /api/v1/auth/refresh-token [33m401[0m 0.991 ms - 53[0m[39m
2026-05-31 13:35:35:3535 [32minfo[39m: [32m[0mGET /api/v1/auth/me [33m401[0m 0.226 ms - 65[0m[39m
2026-05-31 13:35:35:3535 [32minfo[39m: [32m[0mPOST /api/v1/auth/refresh-token [33m401[0m 0.338 ms - 53[0m[39m
2026-05-31 13:36:06:366 [32minfo[39m: [32m[0mGET /api/v1/auth/me [33m401[0m 0.292 ms - 65[0m[39m
2026-05-31 13:36:06:366 [32minfo[39m: [32m[0mPOST /api/v1/auth/refresh-token [33m401[0m 0.317 ms - 53[0m[39m
2026-05-31 13:36:08:368 [32minfo[39m: [32m[0mGET /api/v1/auth/me [33m401[0m 0.485 ms - 65[0m[39m
2026-05-31 13:36:08:368 [32minfo[39m: [32m[0mPOST /api/v1/auth/refresh-token [33m401[0m 0.296 ms - 53[0m[39m
2026-05-31 13:36:09:369 [32minfo[39m: [32m[0mGET /api/v1/auth/me [33m401[0m 0.278 ms - 65[0m[39m
2026-05-31 13:36:09:369 [32minfo[39m: [32m[0mPOST /api/v1/auth/refresh-token [33m401[0m 0.328 ms - 53[0m[39m
2026-05-31 13:36:11:3611 [32minfo[39m: [32m[0mGET /api/v1/auth/me [33m401[0m 0.305 ms - 65[0m[39m
2026-05-31 13:36:11:3611 [32minfo[39m: [32m[0mPOST /api/v1/auth/refresh-token [33m401[0m 0.479 ms - 53[0m[39m
2026-05-31 13:36:13:3613 [32minfo[39m: [32m[0mGET /api/v1/auth/me [33m401[0m 0.244 ms - 65[0m[39m
2026-05-31 13:36:13:3613 [32minfo[39m: [32m[0mPOST /api/v1/auth/refresh-token [33m401[0m 0.324 ms - 53[0m[39m
2026-05-31 13:36:14:3614 [32minfo[39m: [32m[0mGET /api/v1/auth/me [33m401[0m 1.326 ms - 65[0m[39m
2026-05-31 13:36:15:3615 [32minfo[39m: [32m[0mPOST /api/v1/auth/refresh-token [33m401[0m 7.510 ms - 53[0m[39m
2026-05-31 13:36:18:3618 [32minfo[39m: [32m[0mGET /api/v1/auth/me [33m401[0m 0.308 ms - 65[0m[39m
2026-05-31 13:36:18:3618 [32minfo[39m: [32m[0mPOST /api/v1/auth/refresh-token [33m401[0m 0.362 ms - 53[0m[39m
2026-05-31 13:36:20:3620 [32minfo[39m: [32m[0mGET /api/v1/auth/me [33m401[0m 0.358 ms - 65[0m[39m
2026-05-31 13:36:20:3620 [32minfo[39m: [32m[0mPOST /api/v1/auth/refresh-token [33m401[0m 0.470 ms - 53[0m[39m
2026-05-31 13:36:23:3623 [32minfo[39m: [32m[0mGET /api/v1/auth/me [33m401[0m 0.373 ms - 65[0m[39m
2026-05-31 13:36:23:3623 [32minfo[39m: [32m[0mPOST /api/v1/auth/refresh-token [33m401[0m 0.321 ms - 53[0m[39m
2026-05-31 13:36:26:3626 [32minfo[39m: [32m[0mGET /api/v1/auth/me [33m401[0m 0.296 ms - 65[0m[39m
2026-05-31 13:36:26:3626 [32minfo[39m: [32m[0mPOST /api/v1/auth/refresh-token [33m401[0m 0.368 ms - 53[0m[39m
2026-05-31 13:36:29:3629 [32minfo[39m: [32m[0mGET /api/v1/auth/me [33m401[0m 0.451 ms - 65[0m[39m
2026-05-31 13:36:29:3629 [32minfo[39m: [32m[0mPOST /api/v1/auth/refresh-token [33m401[0m 0.510 ms - 53[0m[39m
2026-05-31 13:36:35:3635 [32minfo[39m: [32m[0mGET /api/v1/auth/me [33m401[0m 0.228 ms - 65[0m[39m
2026-05-31 13:36:36:3636 [32minfo[39m: [32m[0mPOST /api/v1/auth/refresh-token [33m401[0m 1.243 ms - 53[0m[39m
2026-05-31 13:36:49:3649 [32minfo[39m: [32m[0mGET /api/v1/auth/me [33m401[0m 0.244 ms - 65[0m[39m
2026-05-31 13:36:49:3649 [32minfo[39m: [32m[0mPOST /api/v1/auth/refresh-token [33m401[0m 0.534 ms - 53[0m[39m
2026-05-31 13:37:51:3751 [32minfo[39m: [32m[0mGET /api/v1/auth/me [33m401[0m 0.395 ms - 65[0m[39m
2026-05-31 13:37:51:3751 [32minfo[39m: [32m[0mPOST /api/v1/auth/refresh-token [33m401[0m 0.307 ms - 53[0m[39m
2026-05-31 13:38:03:383 [32minfo[39m: [32m[0mGET /api/v1/auth/me [33m401[0m 0.305 ms - 65[0m[39m
2026-05-31 13:38:03:383 [32minfo[39m: [32m[0mPOST /api/v1/auth/refresh-token [33m401[0m 1.204 ms - 53[0m[39m
2026-05-31 13:38:04:384 [32minfo[39m: [32m[0mGET /api/v1/auth/me [33m401[0m 0.607 ms - 65[0m[39m
2026-05-31 13:38:04:384 [32minfo[39m: [32m[0mPOST /api/v1/auth/refresh-token [33m401[0m 0.306 ms - 53[0m[39m
2026-05-31 13:38:12:3812 [32minfo[39m: [32m[0mGET /api/v1/auth/me [33m401[0m 0.644 ms - 65[0m[39m
2026-05-31 13:38:12:3812 [32minfo[39m: [32m[0mPOST /api/v1/auth/refresh-token [33m401[0m 0.926 ms - 53[0m[39m
2026-05-31 13:38:13:3813 [32minfo[39m: [32m[0mGET /api/v1/auth/me [33m401[0m 0.278 ms - 65[0m[39m
2026-05-31 13:38:13:3813 [32minfo[39m: [32m[0mPOST /api/v1/auth/refresh-token [33m401[0m 0.294 ms - 53[0m[39m
2026-05-31 13:38:55:3855 [32minfo[39m: [32m[0mPOST /api/v1/auth/login [32m200[0m 368.934 ms - 385[0m[39m
2026-05-31 13:38:55:3855 [32minfo[39m: [32m[0mGET /api/v1/auth/me [32m200[0m 309.908 ms - 278[0m[39m
2026-05-31 13:38:55:3855 [32minfo[39m: [32m[0mGET /api/v1/auth/me [32m200[0m 309.796 ms - 278[0m[39m
2026-05-31 13:38:57:3857 [32minfo[39m: [32m[0mGET /api/v1/auth/me [32m200[0m 311.191 ms - 278[0m[39m
2026-05-31 13:39:18:3918 [32minfo[39m: [32m[0mGET /api/v1/admin/labs [36m304[0m 311.736 ms - -[0m[39m
2026-05-31 13:40:18:4018 [32minfo[39m: [32m[0mGET /api/v1/admin/labs [36m304[0m 309.385 ms - -[0m[39m
2026-05-31 13:40:21:4021 [32minfo[39m: [32m[0mGET /api/v1/tests [32m200[0m 310.163 ms - 36[0m[39m
2026-05-31 13:40:26:4026 [32minfo[39m: [32m[0mGET /api/v1/auth/me [36m304[0m 294.178 ms - -[0m[39m
2026-05-31 13:40:26:4026 [32minfo[39m: [32m[0mGET /api/v1/tests [36m304[0m 309.978 ms - -[0m[39m
2026-05-31 13:40:45:4045 [32minfo[39m: [32m[0mGET /api/v1/admin/labs [36m304[0m 310.308 ms - -[0m[39m
2026-05-31 13:40:52:4052 [32minfo[39m: [32m[0mGET /api/v1/auth/me [36m304[0m 312.142 ms - -[0m[39m
2026-05-31 13:42:20:4220 [32minfo[39m: [32m[0mGET /api/v1/auth/me [36m304[0m 306.917 ms - -[0m[39m
2026-05-31 13:42:21:4221 [32minfo[39m: [32m[0mGET /api/v1/auth/me [36m304[0m 307.940 ms - -[0m[39m
2026-05-31 13:42:25:4225 [32minfo[39m: [32m[0mGET /api/v1/auth/me [36m304[0m 307.345 ms - -[0m[39m
2026-05-31 13:42:26:4226 [32minfo[39m: [32m[0mGET /api/v1/admin/labs [36m304[0m 307.439 ms - -[0m[39m
2026-05-31 13:42:57:4257 [32minfo[39m: [32m[0mGET /api/v1/auth/me [36m304[0m 308.038 ms - -[0m[39m
2026-05-31 13:42:57:4257 [32minfo[39m: [32m[0mGET /api/v1/auth/me [36m304[0m 307.774 ms - -[0m[39m
2026-05-31 13:43:01:431 [32minfo[39m: [32m[0mGET /api/v1/auth/me [36m304[0m 307.835 ms - -[0m[39m
2026-05-31 13:43:04:434 [32minfo[39m: [32m[0mGET /api/v1/auth/me [36m304[0m 307.834 ms - -[0m[39m
2026-05-31 13:43:07:437 [32minfo[39m: [32m[0mGET /api/v1/auth/me [36m304[0m 308.487 ms - -[0m[39m
2026-05-31 13:43:16:4316 [32minfo[39m: [32m[0mPOST /api/v1/auth/logout [32m200[0m 0.236 ms - 52[0m[39m
2026-05-31 13:43:16:4316 [32minfo[39m: [32m[0mGET /api/v1/auth/me [33m401[0m 0.188 ms - 65[0m[39m
2026-05-31 13:43:16:4316 [32minfo[39m: [32m[0mPOST /api/v1/auth/refresh-token [33m401[0m 0.281 ms - 53[0m[39m
2026-05-31 13:43:38:4338 [32minfo[39m: [32m[0mGET /api/v1/auth/me [33m401[0m 0.341 ms - 65[0m[39m
2026-05-31 13:43:38:4338 [32minfo[39m: [32m[0mPOST /api/v1/auth/refresh-token [33m401[0m 0.316 ms - 53[0m[39m
2026-05-31 13:43:40:4340 [32minfo[39m: [32m[0mGET /api/v1/auth/me [33m401[0m 0.316 ms - 65[0m[39m
2026-05-31 13:43:40:4340 [32minfo[39m: [32m[0mPOST /api/v1/auth/refresh-token [33m401[0m 0.201 ms - 53[0m[39m
2026-05-31 13:43:41:4341 [32minfo[39m: [32m[0mGET /api/v1/auth/me [33m401[0m 0.199 ms - 65[0m[39m
2026-05-31 13:43:41:4341 [32minfo[39m: [32m[0mPOST /api/v1/auth/refresh-token [33m401[0m 0.186 ms - 53[0m[39m
2026-05-31 13:43:58:4358 [32minfo[39m: [32m[0mPOST /api/v1/auth/login [32m200[0m 366.630 ms - 385[0m[39m
2026-05-31 13:43:58:4358 [32minfo[39m: [32m[0mGET /api/v1/auth/me [32m200[0m 305.997 ms - 278[0m[39m
2026-05-31 13:44:07:447 [32minfo[39m: [32m[0mPOST /api/v1/auth/logout [32m200[0m 0.345 ms - 52[0m[39m
2026-05-31 13:44:07:447 [32minfo[39m: [32m[0mGET /api/v1/auth/me [33m401[0m 0.291 ms - 65[0m[39m
2026-05-31 13:44:07:447 [32minfo[39m: [32m[0mPOST /api/v1/auth/refresh-token [33m401[0m 0.458 ms - 53[0m[39m
2026-05-31 13:44:12:4412 [32minfo[39m: [32m[0mGET /api/v1/auth/me [33m401[0m 0.623 ms - 65[0m[39m
2026-05-31 13:44:12:4412 [32minfo[39m: [32m[0mPOST /api/v1/auth/refresh-token [33m401[0m 0.669 ms - 53[0m[39m
2026-05-31 13:44:17:4417 [32minfo[39m: [32m[0mGET /api/v1/auth/me [33m401[0m 0.889 ms - 65[0m[39m
2026-05-31 13:44:17:4417 [32minfo[39m: [32m[0mPOST /api/v1/auth/refresh-token [33m401[0m 0.317 ms - 53[0m[39m
2026-05-31 13:44:24:4424 [32minfo[39m: [32m[0mGET /api/v1/auth/me [33m401[0m 0.312 ms - 65[0m[39m
2026-05-31 13:44:24:4424 [32minfo[39m: [32m[0mPOST /api/v1/auth/refresh-token [33m401[0m 0.460 ms - 53[0m[39m
2026-05-31 13:44:27:4427 [32minfo[39m: [32m[0mGET /api/v1/auth/me [33m401[0m 0.402 ms - 65[0m[39m
2026-05-31 13:44:27:4427 [32minfo[39m: [32m[0mPOST /api/v1/auth/refresh-token [33m401[0m 0.478 ms - 53[0m[39m
2026-05-31 13:44:33:4433 [32minfo[39m: [32m[0mPOST /api/v1/auth/logout [32m200[0m 0.269 ms - 52[0m[39m
2026-05-31 13:44:38:4438 [32minfo[39m: [32m[0mGET /api/v1/auth/me [33m401[0m 0.196 ms - 65[0m[39m
2026-05-31 13:44:38:4438 [32minfo[39m: [32m[0mPOST /api/v1/auth/refresh-token [33m401[0m 0.286 ms - 53[0m[39m
2026-05-31 13:45:08:458 [31merror[39m: [31mError sending email: getaddrinfo ENOTFOUND smtp.example.com[39m
2026-05-31 13:45:08:458 [32minfo[39m: [32mDEV MODE: OTP for manum66466@gmail.com is 193275[39m
2026-05-31 13:45:08:458 [32minfo[39m: [32m[0mPOST /api/v1/auth/send-otp [32m200[0m 980.150 ms - 50[0m[39m
2026-05-31 13:46:26:4626 [32minfo[39m: [32m[0mGET /api/v1/auth/me [33m401[0m 0.347 ms - 65[0m[39m
2026-05-31 13:46:26:4626 [32minfo[39m: [32m[0mPOST /api/v1/auth/refresh-token [33m401[0m 0.305 ms - 53[0m[39m
2026-05-31 13:47:10:4710 [32minfo[39m: [32m[0mGET /api/v1/auth/me [33m401[0m 0.284 ms - 65[0m[39m
2026-05-31 13:47:10:4710 [32minfo[39m: [32m[0mPOST /api/v1/auth/refresh-token [33m401[0m 0.271 ms - 53[0m[39m
2026-05-31 13:47:15:4715 [32minfo[39m: [32m[0mGET /api/v1/auth/me [33m401[0m 0.329 ms - 65[0m[39m
2026-05-31 13:47:15:4715 [32minfo[39m: [32m[0mPOST /api/v1/auth/refresh-token [33m401[0m 0.617 ms - 53[0m[39m
2026-05-31 13:49:18:4918 [32minfo[39m: [32mMongoDB Connected: ac-0gbpdre-shard-00-00.qfo3j6s.mongodb.net[39m
2026-05-31 13:49:18:4918 [32minfo[39m: [32mServer running in development mode on port 5000[39m
2026-05-31 13:49:18:4918 [32minfo[39m: [32mAPI Docs available at http://localhost:5000/api-docs[39m
2026-05-31 13:49:25:4925 [31merror[39m: [31mError sending email: getaddrinfo ENOTFOUND smtp.example.com[39m
2026-05-31 13:49:25:4925 [32minfo[39m: [32mDEV MODE: OTP for manum66466@gmail.com is 701678[39m
2026-05-31 13:49:25:4925 [32minfo[39m: [32m[0mPOST /api/v1/auth/send-otp [32m200[0m 951.626 ms - 50[0m[39m
2026-05-31 13:50:40:5040 [32minfo[39m: [32m[0mGET /api/v1/auth/me [33m401[0m 1.583 ms - 65[0m[39m
2026-05-31 13:50:40:5040 [32minfo[39m: [32m[0mPOST /api/v1/auth/refresh-token [33m401[0m 0.863 ms - 53[0m[39m
2026-05-31 13:50:45:5045 [31merror[39m: [31mError sending email: getaddrinfo ENOTFOUND smtp.example.com[39m
2026-05-31 13:50:45:5045 [32minfo[39m: [32mDEV MODE: OTP for manum66466@gmail.com is 368732[39m
2026-05-31 13:50:45:5045 [32minfo[39m: [32m[0mPOST /api/v1/auth/send-otp [32m200[0m 956.291 ms - 50[0m[39m
2026-05-31 13:52:08:528 [32minfo[39m: [32m[0mGET /api/v1/auth/me [33m401[0m 3.186 ms - 65[0m[39m
2026-05-31 13:52:08:528 [32minfo[39m: [32m[0mPOST /api/v1/auth/refresh-token [33m401[0m 0.388 ms - 53[0m[39m
2026-05-31 13:52:11:5211 [31merror[39m: [31mError sending email: getaddrinfo ENOTFOUND smtp.example.com[39m
2026-05-31 13:52:11:5211 [32minfo[39m: [32mDEV MODE: OTP for manum66466@gmail.com is 759082[39m
2026-05-31 13:52:11:5211 [32minfo[39m: [32m[0mPOST /api/v1/auth/send-otp [32m200[0m 956.200 ms - 50[0m[39m
2026-05-31 13:53:07:537 [32minfo[39m: [32mMongoDB Connected: ac-0gbpdre-shard-00-00.qfo3j6s.mongodb.net[39m
2026-05-31 13:53:07:537 [32minfo[39m: [32mServer running in development mode on port 5000[39m
2026-05-31 13:53:07:537 [32minfo[39m: [32mAPI Docs available at http://localhost:5000/api-docs[39m
2026-05-31 13:53:13:5313 [32minfo[39m: [32mMessage sent: <8d4e59fe-6cd9-beaa-3185-8e89b4e622ab@gmail.com>[39m
2026-05-31 13:53:13:5313 [32minfo[39m: [32m[0mPOST /api/v1/auth/send-otp [32m200[0m 5987.672 ms - 50[0m[39m
2026-05-31 13:53:17:5317 [32minfo[39m: [32mMessage sent: <7e8f3d43-73c4-5086-cf6a-82edc7d68bb7@gmail.com>[39m
2026-05-31 13:53:17:5317 [32minfo[39m: [32m[0mPOST /api/v1/auth/send-otp [32m200[0m 4333.862 ms - 50[0m[39m
2026-05-31 13:53:24:5324 [32minfo[39m: [32m[0mGET /api/v1/auth/me [33m401[0m 1.042 ms - 65[0m[39m
2026-05-31 13:53:24:5324 [32minfo[39m: [32m[0mPOST /api/v1/auth/refresh-token [33m401[0m 0.912 ms - 53[0m[39m
2026-05-31 13:53:29:5329 [32minfo[39m: [32m[0mGET /api/v1/auth/me [33m401[0m 0.554 ms - 65[0m[39m
2026-05-31 13:53:29:5329 [32minfo[39m: [32m[0mPOST /api/v1/auth/refresh-token [33m401[0m 0.309 ms - 53[0m[39m
2026-05-31 13:53:34:5334 [32minfo[39m: [32m[0mGET /api/v1/auth/me [33m401[0m 1.033 ms - 65[0m[39m
2026-05-31 13:53:34:5334 [32minfo[39m: [32m[0mPOST /api/v1/auth/refresh-token [33m401[0m 0.241 ms - 53[0m[39m
2026-05-31 13:53:46:5346 [32minfo[39m: [32m[0mGET /api/v1/auth/me [33m401[0m 0.568 ms - 65[0m[39m
2026-05-31 13:53:46:5346 [32minfo[39m: [32m[0mPOST /api/v1/auth/refresh-token [33m401[0m 0.570 ms - 53[0m[39m
2026-05-31 14:21:18:2118 [32minfo[39m: [32mMessage sent: <ef9338c0-a14c-c0fc-2820-f80ea76e3f7c@gmail.com>[39m
2026-05-31 14:21:18:2118 [32minfo[39m: [32m[0mPOST /api/v1/auth/send-otp [32m200[0m 5234.399 ms - 50[0m[39m
2026-05-31 14:21:37:2137 [32minfo[39m: [32m[0mGET /api/v1/auth/me [33m401[0m 0.418 ms - 65[0m[39m
2026-05-31 14:21:37:2137 [32minfo[39m: [32m[0mPOST /api/v1/auth/refresh-token [33m401[0m 0.422 ms - 53[0m[39m
2026-05-31 14:21:45:2145 [32minfo[39m: [32m[0mGET /api/v1/auth/me [33m401[0m 0.441 ms - 65[0m[39m
2026-05-31 14:21:45:2145 [32minfo[39m: [32m[0mPOST /api/v1/auth/refresh-token [33m401[0m 0.292 ms - 53[0m[39m
2026-05-31 14:21:57:2157 [32minfo[39m: [32m[0mPOST /api/v1/auth/register [33m400[0m 3.814 ms - 136[0m[39m
2026-05-31 14:22:09:229 [32minfo[39m: [32m[0mGET /api/v1/auth/me [33m401[0m 0.448 ms - 65[0m[39m
2026-05-31 14:22:09:229 [32minfo[39m: [32m[0mPOST /api/v1/auth/refresh-token [33m401[0m 0.219 ms - 53[0m[39m
2026-05-31 14:22:11:2211 [32minfo[39m: [32m[0mPOST /api/v1/auth/register [33m400[0m 0.513 ms - 136[0m[39m
2026-05-31 14:28:47:2847 [32minfo[39m: [32m[0mGET /api/v1/auth/me [33m401[0m 0.496 ms - 65[0m[39m
2026-05-31 14:28:47:2847 [32minfo[39m: [32m[0mPOST /api/v1/auth/refresh-token [33m401[0m 0.463 ms - 53[0m[39m
2026-05-31 14:29:33:2933 [32minfo[39m: [32mMongoDB Connected: ac-0gbpdre-shard-00-00.qfo3j6s.mongodb.net[39m
2026-05-31 14:29:33:2933 [32minfo[39m: [32mServer running in development mode on port 5000[39m
2026-05-31 14:29:33:2933 [32minfo[39m: [32mAPI Docs available at http://localhost:5000/api-docs[39m
2026-05-31 14:39:29:3929 [32minfo[39m: [32m[0mGET /api/v1/auth/me [33m401[0m 3.141 ms - 65[0m[39m
2026-05-31 14:39:29:3929 [32minfo[39m: [32m[0mPOST /api/v1/auth/refresh-token [33m401[0m 0.632 ms - 53[0m[39m
2026-05-31 14:39:36:3936 [32minfo[39m: [32mMessage sent: <aff1cc15-7a3d-b258-4afd-d7786101cfb3@gmail.com>[39m
2026-05-31 14:39:36:3936 [32minfo[39m: [32m[0mPOST /api/v1/auth/send-otp [32m200[0m 4498.377 ms - 50[0m[39m
2026-05-31 14:39:44:3944 [32minfo[39m: [32m[0mGET /api/v1/auth/me [33m401[0m 0.568 ms - 65[0m[39m
2026-05-31 14:39:44:3944 [32minfo[39m: [32m[0mPOST /api/v1/auth/refresh-token [33m401[0m 0.625 ms - 53[0m[39m
2026-05-31 14:39:55:3955 [32minfo[39m: [32m[0mPOST /api/v1/auth/register [32m201[0m 1255.171 ms - 392[0m[39m
2026-05-31 14:39:55:3955 [32minfo[39m: [32m[0mGET /api/v1/auth/me [32m200[0m 298.508 ms - 275[0m[39m
2026-05-31 14:40:02:402 [32minfo[39m: [32m[0mGET /api/v1/auth/me [32m200[0m 291.802 ms - 275[0m[39m
2026-05-31 14:41:25:4125 [32minfo[39m: [32m[0mPOST /api/v1/auth/login [32m200[0m 357.598 ms - 385[0m[39m
2026-05-31 14:41:25:4125 [32minfo[39m: [32m[0mGET /api/v1/auth/me [32m200[0m 293.832 ms - 278[0m[39m
2026-05-31 14:41:26:4126 [32minfo[39m: [32m[0mGET /api/v1/auth/me [36m304[0m 293.906 ms - -[0m[39m
2026-05-31 14:41:27:4127 [32minfo[39m: [32m[0mGET /api/v1/auth/me [36m304[0m 300.477 ms - -[0m[39m
2026-05-31 14:41:29:4129 [32minfo[39m: [32m[0mGET /api/v1/auth/me [36m304[0m 291.730 ms - -[0m[39m
2026-05-31 14:41:31:4131 [32minfo[39m: [32m[0mGET /api/v1/auth/me [36m304[0m 291.542 ms - -[0m[39m
2026-05-31 14:45:58:4558 [32minfo[39m: [32m[0mGET /api/v1/auth/me [36m304[0m 293.613 ms - -[0m[39m
2026-05-31 14:51:33:5133 [32minfo[39m: [32m[0mGET /api/v1/admin/users [0m-[0m - ms - -[0m[39m
2026-05-31 14:51:35:5135 [32minfo[39m: [32m[0mGET /api/v1/auth/me [36m304[0m 291.379 ms - -[0m[39m
2026-05-31 14:51:35:5135 [32minfo[39m: [32m[0mGET /api/v1/admin/users [32m200[0m 292.740 ms - 542[0m[39m
2026-05-31 14:51:35:5135 [32minfo[39m: [32m[0mGET /api/v1/auth/me [36m304[0m 304.519 ms - -[0m[39m
2026-05-31 14:51:35:5135 [32minfo[39m: [32m[0mGET /api/v1/auth/me [36m304[0m 304.195 ms - -[0m[39m
2026-05-31 14:54:39:5439 [32minfo[39m: [32m[0mGET /api/v1/admin/users [36m304[0m 292.981 ms - -[0m[39m
2026-05-31 14:54:39:5439 [32minfo[39m: [32m[0mGET /api/v1/auth/me [36m304[0m 327.331 ms - -[0m[39m
2026-05-31 14:54:56:5456 [32minfo[39m: [32m[0mGET /api/v1/auth/me [36m304[0m 322.595 ms - -[0m[39m
2026-05-31 14:54:58:5458 [32minfo[39m: [32m[0mGET /api/v1/admin/users [36m304[0m 299.487 ms - -[0m[39m
2026-05-31 14:54:58:5458 [32minfo[39m: [32m[0mGET /api/v1/auth/me [36m304[0m 321.883 ms - -[0m[39m
2026-05-31 14:55:26:5526 [32minfo[39m: [32m[0mGET /api/v1/auth/me [36m304[0m 309.802 ms - -[0m[39m
2026-05-31 14:55:47:5547 [32minfo[39m: [32m[0mGET /api/v1/auth/me [36m304[0m 305.662 ms - -[0m[39m
2026-05-31 14:55:49:5549 [32minfo[39m: [32m[0mGET /api/v1/admin/users [36m304[0m 291.516 ms - -[0m[39m
2026-05-31 14:55:49:5549 [32minfo[39m: [32m[0mGET /api/v1/auth/me [36m304[0m 305.029 ms - -[0m[39m
2026-05-31 14:56:44:5644 [32minfo[39m: [32m[0mGET /api/v1/admin/users [33m401[0m 0.311 ms - 65[0m[39m
2026-05-31 14:56:45:5645 [32minfo[39m: [32m[0mPOST /api/v1/auth/refresh-token [32m200[0m 407.285 ms - 233[0m[39m
2026-05-31 14:56:45:5645 [32minfo[39m: [32m[0mGET /api/v1/admin/users [36m304[0m 308.147 ms - -[0m[39m
2026-05-31 14:57:00:570 [32minfo[39m: [32m[0mGET /api/v1/admin/users [36m304[0m 293.577 ms - -[0m[39m
2026-05-31 14:57:00:570 [32minfo[39m: [32m[0mGET /api/v1/auth/me [36m304[0m 307.360 ms - -[0m[39m
2026-05-31 15:02:11:211 [32minfo[39m: [32m[0mGET /api/v1/admin/users [36m304[0m 293.209 ms - -[0m[39m
2026-05-31 15:02:11:211 [32minfo[39m: [32m[0mGET /api/v1/auth/me [36m304[0m 307.014 ms - -[0m[39m
2026-05-31 15:03:15:315 [32minfo[39m: [32m[0mGET /api/v1/admin/labs [36m304[0m 306.643 ms - -[0m[39m
2026-05-31 15:06:58:658 [32minfo[39m: [32m[0mPOST /api/v1/admin/lab [32m201[0m 329.938 ms - 467[0m[39m
2026-05-31 15:06:59:659 [32minfo[39m: [32m[0mGET /api/v1/admin/labs [32m200[0m 322.233 ms - 479[0m[39m
2026-05-31 15:07:02:72 [32minfo[39m: [32m[0mGET /api/v1/auth/me [36m304[0m 303.926 ms - -[0m[39m
2026-05-31 15:07:02:72 [32minfo[39m: [32m[0mGET /api/v1/auth/me [36m304[0m 289.853 ms - -[0m[39m
2026-05-31 15:07:02:72 [32minfo[39m: [32m[0mGET /api/v1/admin/labs [36m304[0m 307.435 ms - -[0m[39m
2026-05-31 15:07:09:79 [32minfo[39m: [32m[0mGET /api/v1/auth/me [32m200[0m 305.063 ms - 278[0m[39m
2026-05-31 15:07:09:79 [32minfo[39m: [32m[0mGET /api/v1/auth/me [32m200[0m 299.008 ms - 278[0m[39m
2026-05-31 15:07:09:79 [32minfo[39m: [32m[0mGET /api/v1/admin/labs [32m200[0m 306.213 ms - 479[0m[39m
2026-05-31 15:07:54:754 [32minfo[39m: [32m[0mGET /api/v1/admin/labs [36m304[0m 298.677 ms - -[0m[39m
2026-05-31 15:07:54:754 [32minfo[39m: [32m[0mGET /api/v1/auth/me [36m304[0m 317.352 ms - -[0m[39m
2026-05-31 15:08:55:855 [32minfo[39m: [32m[0mGET /api/v1/admin/labs [36m304[0m 311.679 ms - -[0m[39m
2026-05-31 15:09:07:97 [32minfo[39m: [32m[0mGET /api/v1/admin/labs [36m304[0m 291.791 ms - -[0m[39m
2026-05-31 15:09:07:97 [32minfo[39m: [32m[0mGET /api/v1/auth/me [36m304[0m 304.921 ms - -[0m[39m
2026-05-31 15:09:19:919 [32minfo[39m: [32m[0mGET /api/v1/admin/labs [36m304[0m 291.494 ms - -[0m[39m
2026-05-31 15:09:19:919 [32minfo[39m: [32m[0mGET /api/v1/auth/me [36m304[0m 304.561 ms - -[0m[39m
2026-05-31 15:09:27:927 [32minfo[39m: [32m[0mGET /api/v1/admin/labs [36m304[0m 304.616 ms - -[0m[39m
2026-05-31 15:09:28:928 [32minfo[39m: [32m[0mGET /api/v1/admin/lab/6a1c013a3fd8f70bec1804cb [32m200[0m 317.824 ms - 467[0m[39m
2026-05-31 15:09:38:938 [32minfo[39m: [32m[0mPATCH /api/v1/admin/lab/6a1c013a3fd8f70bec1804cb [32m200[0m 339.349 ms - 467[0m[39m
2026-05-31 15:09:38:938 [32minfo[39m: [32m[0mGET /api/v1/admin/labs [32m200[0m 307.433 ms - 479[0m[39m
2026-05-31 15:09:44:944 [32minfo[39m: [32m[0mGET /api/v1/admin/lab/6a1c013a3fd8f70bec1804cb [32m200[0m 309.376 ms - 467[0m[39m
2026-05-31 15:10:04:104 [32minfo[39m: [32m[0mGET /api/v1/admin/lab/6a1c013a3fd8f70bec1804cb [36m304[0m 291.903 ms - -[0m[39m
2026-05-31 15:10:04:104 [32minfo[39m: [32m[0mGET /api/v1/auth/me [36m304[0m 304.727 ms - -[0m[39m
2026-05-31 15:10:53:1053 [32minfo[39m: [32mMongoDB Connected: ac-0gbpdre-shard-00-00.qfo3j6s.mongodb.net[39m
2026-05-31 15:10:53:1053 [32minfo[39m: [32mServer running in development mode on port 5000[39m
2026-05-31 15:10:53:1053 [32minfo[39m: [32mAPI Docs available at http://localhost:5000/api-docs[39m
2026-05-31 15:11:42:1142 [32minfo[39m: [32m[0mGET /api/v1/auth/me [36m304[0m 303.978 ms - -[0m[39m
2026-05-31 15:11:42:1142 [32minfo[39m: [32m[0mGET /api/v1/admin/lab/6a1c013a3fd8f70bec1804cb [32m200[0m 300.794 ms - 516[0m[39m
2026-05-31 15:11:50:1150 [32minfo[39m: [32m[0mPATCH /api/v1/admin/lab/6a1c013a3fd8f70bec1804cb [33m401[0m 0.357 ms - 65[0m[39m
2026-05-31 15:11:51:1151 [32minfo[39m: [32m[0mPOST /api/v1/auth/refresh-token [32m200[0m 291.300 ms - 233[0m[39m
2026-05-31 15:11:51:1151 [32minfo[39m: [32m[0mPATCH /api/v1/admin/lab/6a1c013a3fd8f70bec1804cb [32m200[0m 299.181 ms - 579[0m[39m
2026-05-31 15:11:51:1151 [32minfo[39m: [32m[0mGET /api/v1/admin/labs [32m200[0m 304.457 ms - 591[0m[39m
2026-05-31 15:11:58:1158 [32minfo[39m: [32m[0mGET /api/v1/admin/lab/6a1c013a3fd8f70bec1804cb [32m200[0m 288.373 ms - 579[0m[39m
2026-05-31 15:12:14:1214 [32minfo[39m: [32m[0mPATCH /api/v1/admin/lab/6a1c013a3fd8f70bec1804cb [32m200[0m 296.312 ms - 618[0m[39m
2026-05-31 15:12:14:1214 [32minfo[39m: [32m[0mGET /api/v1/admin/labs [32m200[0m 289.268 ms - 630[0m[39m
2026-05-31 15:12:25:1225 [32minfo[39m: [32m[0mGET /api/v1/admin/lab/6a1c013a3fd8f70bec1804cb [32m200[0m 298.749 ms - 618[0m[39m
2026-05-31 15:12:31:1231 [32minfo[39m: [32m[0mGET /api/v1/admin/labs [36m304[0m 287.544 ms - -[0m[39m
2026-05-31 15:13:07:137 [32minfo[39m: [32m[0mGET /api/v1/auth/me [36m304[0m 301.512 ms - -[0m[39m
2026-05-31 15:13:07:137 [32minfo[39m: [32m[0mGET /api/v1/admin/labs [36m304[0m 296.034 ms - -[0m[39m
2026-05-31 15:13:12:1312 [32minfo[39m: [32m[0mGET /api/v1/auth/me [36m304[0m 291.774 ms - -[0m[39m
2026-05-31 15:13:12:1312 [32minfo[39m: [32m[0mGET /api/v1/admin/labs [36m304[0m 297.693 ms - -[0m[39m
2026-05-31 15:13:18:1318 [32minfo[39m: [32m[0mGET /api/v1/auth/me [36m304[0m 291.283 ms - -[0m[39m
2026-05-31 15:13:18:1318 [32minfo[39m: [32m[0mGET /api/v1/admin/labs [36m304[0m 298.073 ms - -[0m[39m
2026-05-31 15:13:46:1346 [32minfo[39m: [32m[0mGET /api/v1/auth/me [36m304[0m 294.140 ms - -[0m[39m
2026-05-31 15:13:46:1346 [32minfo[39m: [32m[0mGET /api/v1/admin/labs [36m304[0m 290.729 ms - -[0m[39m
2026-05-31 15:14:43:1443 [32minfo[39m: [32m[0mGET /api/v1/admin/labs [36m304[0m 546.851 ms - -[0m[39m
2026-05-31 15:15:38:1538 [32minfo[39m: [32m[0mGET /api/v1/auth/me [36m304[0m 288.949 ms - -[0m[39m
2026-05-31 15:15:38:1538 [32minfo[39m: [32m[0mGET /api/v1/admin/labs [36m304[0m 289.043 ms - -[0m[39m
2026-05-31 15:57:54:5754 [32minfo[39m: [32m[0mGET /api/v1/auth/me [33m401[0m 3.365 ms - 65[0m[39m
2026-05-31 15:57:54:5754 [32minfo[39m: [32m[0mGET /api/v1/admin/labs [33m401[0m 0.430 ms - 65[0m[39m
2026-05-31 15:57:55:5755 [32minfo[39m: [32m[0mPOST /api/v1/auth/refresh-token [32m200[0m 301.788 ms - 233[0m[39m
2026-05-31 15:57:55:5755 [32minfo[39m: [32m[0mPOST /api/v1/auth/refresh-token [32m200[0m 293.848 ms - 233[0m[39m
2026-05-31 15:57:55:5755 [32minfo[39m: [32m[0mGET /api/v1/auth/me [36m304[0m 290.227 ms - -[0m[39m
2026-05-31 15:57:55:5755 [32minfo[39m: [32m[0mGET /api/v1/admin/labs [36m304[0m 292.395 ms - -[0m[39m
2026-05-31 15:58:22:5822 [32minfo[39m: [32m[0mGET /api/v1/tests [36m304[0m 306.075 ms - -[0m[39m
2026-05-31 16:01:21:121 [32minfo[39m: [32m[0mGET /api/v1/tests [36m304[0m 298.580 ms - -[0m[39m
2026-05-31 16:01:22:122 [32minfo[39m: [32m[0mGET /api/v1/admin/labs [36m304[0m 306.060 ms - -[0m[39m
2026-05-31 16:04:58:458 [32minfo[39m: [32m[0mGET /api/v1/auth/me [36m304[0m 292.084 ms - -[0m[39m
2026-06-07 10:04:38:438 [32minfo[39m: [32mMongoDB Connected: ac-0gbpdre-shard-00-00.qfo3j6s.mongodb.net[39m
2026-06-07 10:04:38:438 [32minfo[39m: [32mServer running in development mode on port 5000[39m
2026-06-07 10:04:38:438 [32minfo[39m: [32mAPI Docs available at http://localhost:5000/api-docs[39m
2026-06-07 10:05:00:50 [32minfo[39m: [32mMongoDB Connected: ac-0gbpdre-shard-00-00.qfo3j6s.mongodb.net[39m
2026-06-07 10:05:00:50 [32minfo[39m: [32mServer running in development mode on port 5000[39m
2026-06-07 10:05:00:50 [32minfo[39m: [32mAPI Docs available at http://localhost:5000/api-docs[39m
2026-06-07 10:05:09:59 [32minfo[39m: [32mServer running in development mode on port 5000[39m
2026-06-07 10:05:09:59 [32minfo[39m: [32mAPI Docs available at http://localhost:5000/api-docs[39m
2026-06-07 10:05:11:511 [32minfo[39m: [32mMongoDB Connected: ac-0gbpdre-shard-00-00.qfo3j6s.mongodb.net[39m
2026-06-07 10:06:10:610 [32minfo[39m: [32mServer running in development mode on port 5000[39m
2026-06-07 10:06:10:610 [32minfo[39m: [32mAPI Docs available at http://localhost:5000/api-docs[39m
2026-06-07 10:06:12:612 [32minfo[39m: [32mMongoDB Connected: ac-0gbpdre-shard-00-00.qfo3j6s.mongodb.net[39m
2026-06-07 10:09:15:915 [32minfo[39m: [32m[0mGET /api-docs [36m301[0m 4.856 ms - 158[0m[39m
2026-06-07 10:09:15:915 [32minfo[39m: [32m[0mGET /api-docs/ [32m200[0m 4.629 ms - 3106[0m[39m
2026-06-07 10:09:15:915 [32minfo[39m: [32m[0mGET /api-docs/swagger-ui.css [32m200[0m 3.517 ms - 178977[0m[39m
2026-06-07 10:09:15:915 [32minfo[39m: [32m[0mGET /api-docs/swagger-ui-init.js [32m200[0m 0.450 ms - 6410[0m[39m
2026-06-07 10:09:15:915 [32minfo[39m: [32m[0mGET /api-docs/swagger-ui-standalone-preset.js [32m200[0m 5.245 ms - 251800[0m[39m
2026-06-07 10:09:15:915 [32minfo[39m: [32m[0mGET /api-docs/swagger-ui-bundle.js [32m200[0m 5.817 ms - 1526593[0m[39m
2026-06-07 10:09:15:915 [32minfo[39m: [32m[0mGET /api-docs/favicon-32x32.png [32m200[0m 1.285 ms - 628[0m[39m
2026-06-07 10:09:19:919 [32minfo[39m: [32m[0mGET / [32m200[0m 1.014 ms - 35[0m[39m
2026-06-07 10:09:19:919 [32minfo[39m: [32m[0mGET /favicon.ico [33m404[0m 1.384 ms - 150[0m[39m
2026-06-07 10:09:47:947 [32minfo[39m: [32mServer running in development mode on port 5000[39m
2026-06-07 10:09:47:947 [32minfo[39m: [32mAPI Docs available at http://localhost:5000/api-docs[39m
2026-06-07 10:09:50:950 [32minfo[39m: [32mMongoDB Connected: ac-0gbpdre-shard-00-00.qfo3j6s.mongodb.net[39m
2026-06-07 10:09:56:956 [32minfo[39m: [32m[0mGET /api-docs/ [36m304[0m 7.173 ms - -[0m[39m
2026-06-07 10:09:56:956 [32minfo[39m: [32m[0mGET /api-docs/swagger-ui.css [36m304[0m 1.607 ms - -[0m[39m
2026-06-07 10:09:56:956 [32minfo[39m: [32m[0mGET /api-docs/swagger-ui-init.js [36m304[0m 0.293 ms - -[0m[39m
2026-06-07 10:09:56:956 [32minfo[39m: [32m[0mGET /api-docs/swagger-ui-bundle.js [36m304[0m 3.040 ms - -[0m[39m
2026-06-07 10:09:56:956 [32minfo[39m: [32m[0mGET /api-docs/swagger-ui-standalone-preset.js [36m304[0m 5.222 ms - -[0m[39m
2026-06-07 10:23:08:238 [32minfo[39m: [32mServer running in development mode on port 5000[39m
2026-06-07 10:23:08:238 [32minfo[39m: [32mAPI Docs available at http://localhost:5000/api-docs[39m
2026-06-07 10:23:11:2311 [32minfo[39m: [32mMongoDB Connected: ac-0gbpdre-shard-00-00.qfo3j6s.mongodb.net[39m
2026-06-07 10:27:44:2744 [32minfo[39m: [32mServer running in development mode on port 5000[39m
2026-06-07 10:27:44:2744 [32minfo[39m: [32mAPI Docs available at http://localhost:5000/api-docs[39m
2026-06-07 10:27:47:2747 [32minfo[39m: [32mMongoDB Connected: ac-0gbpdre-shard-00-00.qfo3j6s.mongodb.net[39m
2026-06-07 10:28:38:2838 [32minfo[39m: [32mServer running in development mode on port 5000[39m
2026-06-07 10:28:38:2838 [32minfo[39m: [32mAPI Docs available at http://localhost:5000/api-docs[39m
2026-06-07 10:28:40:2840 [32minfo[39m: [32mMongoDB Connected: ac-0gbpdre-shard-00-00.qfo3j6s.mongodb.net[39m
2026-06-07 10:59:47:5947 [32minfo[39m: [32mServer running in development mode on port 5000[39m
2026-06-07 10:59:47:5947 [32minfo[39m: [32mAPI Docs available at http://localhost:5000/api-docs[39m
2026-06-07 10:59:51:5951 [32minfo[39m: [32mMongoDB Connected: ac-0gbpdre-shard-00-00.qfo3j6s.mongodb.net[39m
2026-06-07 10:59:59:5959 [32minfo[39m: [32mServer running in development mode on port 5000[39m
2026-06-07 10:59:59:5959 [32minfo[39m: [32mAPI Docs available at http://localhost:5000/api-docs[39m
2026-06-07 11:00:01:01 [32minfo[39m: [32mMongoDB Connected: ac-0gbpdre-shard-00-00.qfo3j6s.mongodb.net[39m
